---
source: focus/operations/src/testing/sync.rs
expression: original_profile_contents
---
/*
!/*/
/WORKSPACE/
/focus/
/mandatory_y/
!/mandatory_y/*/
/mandatory_y/very_important_info/
/mandatory_z/
/tools/
!/tools/*/
/tools/build_rules/

