---
source: focus/operations/src/testing/sync.rs
expression: "std::fs::read_to_string(&profile_path)?"
---
/*
!/*/
/WORKSPACE/
/focus/
/mandatory_y/
!/mandatory_y/*/
/mandatory_y/very_important_info/
/mandatory_z/
/tools/
!/tools/*/
/tools/build_rules/

