---
source: focus/operations/src/testing/sync.rs
expression: add_profile_contents
---
/*
!/*/
/focus/
/mandatory_y/
!/mandatory_y/*/
/mandatory_y/very_important_info/
/mandatory_z/

